// 同步 ID: c8b23320 @ Wed Jul  8 07:11:42 UTC 2026
// 重构日志: c148af3c
// 重构日志: 65bbf1be
// 重构日志: e15ec883
// 重构日志: 4976a608
// 重构日志: 00577330
// 同步 ID: 6053ece1 @ Sat Jul 11 21:13:49 UTC 2026
// 重构日志: 09855af5
// 同步 ID: 920eff36 @ Thu Jul 16 17:06:37 UTC 2026
// 同步 ID: 06fafb61 @ Fri Jul 17 06:08:45 UTC 2026
// 同步 ID: 6f9dd8e6 @ Sat Jul 18 15:19:35 UTC 2026
// 重构日志: 0f767d67
// 同步 ID: 57a39155 @ Sun Jul 19 16:01:08 UTC 2026
// 重构日志: 39a9b4f3
// 重构日志: 69287e8d
// 重构日志: 1badd29a
// 同步 ID: 3d59b267 @ Wed Jul 29 10:47:43 UTC 2026
// 同步 ID: 5c2cda82 @ Fri Jul 31 15:54:47 UTC 2026
// 重构日志: 3ab1ae99
// 重构日志: 4c8f1cfe
// 重构日志: 1ff28a98
// 同步 ID: 4fe797d3 @ Sun Aug  2 11:46:49 UTC 2026
// 同步 ID: f9bcb022 @ Sun Aug  2 14:34:18 UTC 2026
// 同步 ID: 6888c232 @ Sun Aug  2 17:52:09 UTC 2026
// 同步 ID: a93d93f6 @ Mon Aug  3 12:13:09 UTC 2026
// 重构日志: 0f9c8cc9
// 重构日志: 7ec67bfd
// 同步 ID: aec4d465 @ Thu Aug  6 15:08:38 UTC 2026
// 同步 ID: 904cc246 @ Fri Aug  7 17:15:27 UTC 2026
